---
source: tests/cli/table_output_test.rs
assertion_line: 49
expression: output
---
┌────────────────┬───────────────────────────────────────────────────────────────┬─────────────┐
│ Feature        ┆ Description                                                   ┆ Status      │
╞════════════════╪═══════════════════════════════════════════════════════════════╪═════════════╡
│ Authentication ┆ User authentication with JWT tokens and refresh token support ┆ Completed   │
├╌╌╌╌╌╌╌╌╌╌╌╌╌╌╌╌┼╌╌╌╌╌╌╌╌╌╌╌╌╌╌╌╌╌╌╌╌╌╌╌╌╌╌╌╌╌╌╌╌╌╌╌╌╌╌╌╌╌╌╌╌╌╌╌╌╌╌╌╌╌╌╌╌╌╌╌╌╌╌╌┼╌╌╌╌╌╌╌╌╌╌╌╌╌┤
│ Database       ┆ PostgreSQL database with connection pooling                   ┆ In Progress │
├╌╌╌╌╌╌╌╌╌╌╌╌╌╌╌╌┼╌╌╌╌╌╌╌╌╌╌╌╌╌╌╌╌╌╌╌╌╌╌╌╌╌╌╌╌╌╌╌╌╌╌╌╌╌╌╌╌╌╌╌╌╌╌╌╌╌╌╌╌╌╌╌╌╌╌╌╌╌╌╌┼╌╌╌╌╌╌╌╌╌╌╌╌╌┤
│ API            ┆ RESTful API with comprehensive endpoint documentation         ┆ Planned     │
└────────────────┴───────────────────────────────────────────────────────────────┴─────────────┘
