---
source: tests/cli/table_output_test.rs
assertion_line: 132
expression: output
---
┌────────┬──────────────┬─────────┐
│ Symbol ┆ Description  ┆ Unicode │
╞════════╪══════════════╪═════════╡
│ ✓      ┆ Check Mark   ┆ U+2713  │
├╌╌╌╌╌╌╌╌┼╌╌╌╌╌╌╌╌╌╌╌╌╌╌┼╌╌╌╌╌╌╌╌╌┤
│ ✗      ┆ Cross Mark   ┆ U+2717  │
├╌╌╌╌╌╌╌╌┼╌╌╌╌╌╌╌╌╌╌╌╌╌╌┼╌╌╌╌╌╌╌╌╌┤
│ ⚠      ┆ Warning Sign ┆ U+26A0  │
├╌╌╌╌╌╌╌╌┼╌╌╌╌╌╌╌╌╌╌╌╌╌╌┼╌╌╌╌╌╌╌╌╌┤
│ →      ┆ Right Arrow  ┆ U+2192  │
└────────┴──────────────┴─────────┘
