---
source: tests/cli/table_output_test.rs
assertion_line: 80
expression: output
---
┌────────────┬───────────────┬───────────────────────┐
│ Component  ┆ Status        ┆ Details               │
╞════════════╪═══════════════╪═══════════════════════╡
│ API Server ┆ ✓ Operational ┆ All systems normal    │
├╌╌╌╌╌╌╌╌╌╌╌╌┼╌╌╌╌╌╌╌╌╌╌╌╌╌╌╌┼╌╌╌╌╌╌╌╌╌╌╌╌╌╌╌╌╌╌╌╌╌╌╌┤
│ Database   ┆ ⚠ Degraded    ┆ High latency detected │
├╌╌╌╌╌╌╌╌╌╌╌╌┼╌╌╌╌╌╌╌╌╌╌╌╌╌╌╌┼╌╌╌╌╌╌╌╌╌╌╌╌╌╌╌╌╌╌╌╌╌╌╌┤
│ Cache      ┆ ✗ Down        ┆ Connection refused    │
└────────────┴───────────────┴───────────────────────┘
