---
source: tests/cli/table_output_test.rs
assertion_line: 90
expression: output
---
┌──────────────────────┐
│ Task                 │
╞══════════════════════╡
│ Complete setup       │
├╌╌╌╌╌╌╌╌╌╌╌╌╌╌╌╌╌╌╌╌╌╌┤
│ Run tests            │
├╌╌╌╌╌╌╌╌╌╌╌╌╌╌╌╌╌╌╌╌╌╌┤
│ Deploy to production │
└──────────────────────┘
