---
source: tests/cli/help_output_test.rs
assertion_line: 345
expression: output
---
Configuration File (config.yml):

Example configuration:

```yaml
paladin:
  default_model: gpt-4
  default_temperature: 0.7
  max_loops: 5

llm:
  openai:
    api_key: ${OPENAI_API_KEY}
    base_url: https://api.openai.com/v1

garrison:
  type: in_memory
  max_entries: 1000
```
