---
source: tests/cli/error_output_test.rs
assertion_line: 155
expression: output
---
┌─────────────────────────────────────────┐
│ Important Information                   │
│   • Configuration loaded successfully   │
│   • Database connection established     │
│   • API server running on port 8080     │
└─────────────────────────────────────────┘
