---
source: tests/cli/table_output_test.rs
assertion_line: 105
expression: output
---
┌───────────────┬─────────────┬────────┐
│ Metric        ┆ Value       ┆ Change │
╞═══════════════╪═════════════╪════════╡
│ Response Time ┆ 125ms       ┆ +5%    │
├╌╌╌╌╌╌╌╌╌╌╌╌╌╌╌┼╌╌╌╌╌╌╌╌╌╌╌╌╌┼╌╌╌╌╌╌╌╌┤
│ Throughput    ┆ 1,250 req/s ┆ -3%    │
├╌╌╌╌╌╌╌╌╌╌╌╌╌╌╌┼╌╌╌╌╌╌╌╌╌╌╌╌╌┼╌╌╌╌╌╌╌╌┤
│ Error Rate    ┆ 0.12%       ┆ -15%   │
├╌╌╌╌╌╌╌╌╌╌╌╌╌╌╌┼╌╌╌╌╌╌╌╌╌╌╌╌╌┼╌╌╌╌╌╌╌╌┤
│ CPU Usage     ┆ 45%         ┆ +8%    │
└───────────────┴─────────────┴────────┘
